<?php

declare(strict_types=1);

namespace app\api\service;

use app\api\logic\UnitTest as UnitTestLogic;

class UnitTest extends UnitTestLogic
{

}
