<?php

declare(strict_types=1);

namespace app\api\model;

use aspirantzhang\TPAntdBuilder\Builder;

class UnitTest extends Common
{
    protected $readonly = ['id'];

    // Relation

    // Accessor

    // Mutator

    // Searcher
}
