<?php

return [
    'unit-test-layout' =>  [
        'unit-test-list' => 'Unit Testlayout.default.list',
        'unit-test-add' => 'Unit Testlayout.default.add',
        'unit-test-edit' => 'Unit Testlayout.default.edit',
        'unit-test-i18n' => 'Unit Testlayout.default.i18n',
    ]
];
