<?php

declare(strict_types=1);

namespace app\api\model;

use aspirantzhang\TPAntdBuilder\Builder;

class UnitTest extends Common
{
    // Allow fields
    protected $readonly = ['id'];
    protected $unique = [];

    // Relation
    
    // Accessor

    // Mutator

    // Searcher
}
