<?php

namespace app\api\validate;

use think\Validate;

class UnitTest extends Validate
{
    protected $rule = [
    ];

    protected $message = [
    ];

    protected $scene = [
        'home' => [''],
        'add' => [''],
        'save' => [''],
        'update' => [''],
        'read' => [''],
        'delete' => [''],
        'restore' => [''],
        'i18n' => [''],
        'i18n_update' => [''],
    ];
}
