<?php

declare(strict_types=1);

namespace app\api\logic;

use app\api\view\UnitTest as UnitTestView;

class UnitTest extends UnitTestView
{

}
