<?php

return [
    'unit-test' => [
        'foo' => 'bar',
        'foo2' => 'bar2',
    ]
];
