<?php

return [
    'unit-test' => [
        'nickname' => 'Nick Name',
        'gender' => 'Gender',
        'married' => 'Married',
        'comment' => 'Comment',
    ],
];
