<?php

declare(strict_types=1);

namespace app\api\controller;

use think\facade\Config;
use app\api\service\MainTable as MainTableService;

class MainTable extends Common
{
    protected $mainTable;

    public function initialize()
    {
        $this->mainTable = new MainTableService();
        parent::initialize();
    }

    public function home()
    {
        $result = $this->mainTable->paginatedListAPI($this->request->only($this->mainTable->getAllowHome()));

        return $this->json(...$result);
    }

    public function add()
    {
        $result = $this->mainTable->addAPI();

        return $this->json(...$result);
    }

    public function save()
    {
        $result = $this->mainTable->saveAPI($this->request->only($this->mainTable->getAllowSave()));

        return $this->json(...$result);
    }

    public function read(int $id)
    {
        $result = $this->mainTable->readAPI($id);

        return $this->json(...$result);
    }

    public function update(int $id)
    {
        $result = $this->mainTable->updateAPI($id, $this->request->only($this->mainTable->getAllowUpdate()));

        return $this->json(...$result);
    }

    public function delete()
    {
        $result = $this->mainTable->deleteAPI($this->request->param('ids'), $this->request->param('type'));

        return $this->json(...$result);
    }

    public function restore()
    {
        $result = $this->mainTable->restoreAPI($this->request->param('ids'));

        return $this->json(...$result);
    }

    public function i18nRead(int $id)
    {
        $result = $this->mainTable->i18nReadAPI($id);

        return $this->json(...$result);
    }

    public function i18nUpdate(int $id)
    {
        $result = $this->mainTable->i18nUpdateAPI($id, $this->request->only(Config::get('lang.allow_lang_list')));

        return $this->json(...$result);
    }

    public function revisionHome(int $id)
    {
        $result = $this->app->revision->listAPI($this->mainTable->getTableName(), $id, (int)$this->request->param('page') ?: 1);

        return $this->json($result);
    }

    public function revisionRestore(int $id)
    {
        $result = $this->app->revision->restoreAPI(
            $this->mainTable->getTableName(),
            $id,
            (int)$this->request->param('revisionId'),
            $this->mainTable->getRevisionTable()
        );

        return $this->json($result);
    }

    public function revisionRead(int $revisionId)
    {
        $result = $this->app->revision->readAPI((int)$revisionId);

        return $this->json($result);
    }
}
