<?php

declare(strict_types=1);

namespace app\api\controller;

use think\facade\Config;
use app\api\service\MainTableOfCategory as MainTableOfCategoryService;

class MainTableOfCategory extends Common
{
    protected $mainTableOfCategory;

    public function initialize()
    {
        $this->mainTableOfCategory = new MainTableOfCategoryService();
        parent::initialize();
    }

    public function home()
    {
        $result = $this->mainTableOfCategory->paginatedListAPI($this->request->only($this->mainTableOfCategory->getAllowHome()), ['category']);

        return $this->json(...$result);
    }

    public function add()
    {
        $result = $this->mainTableOfCategory->addAPI();

        return $this->json(...$result);
    }

    public function save()
    {
        $result = $this->mainTableOfCategory->saveAPI($this->request->only($this->mainTableOfCategory->getAllowSave()), ['category']);

        return $this->json(...$result);
    }

    public function read(int $id)
    {
        $result = $this->mainTableOfCategory->readAPI($id, ['category']);

        return $this->json(...$result);
    }

    public function update(int $id)
    {
        $result = $this->mainTableOfCategory->updateAPI($id, $this->request->only($this->mainTableOfCategory->getAllowUpdate()), ['category']);

        return $this->json(...$result);
    }

    public function delete()
    {
        $result = $this->mainTableOfCategory->deleteAPI($this->request->param('ids'), $this->request->param('type'));

        return $this->json(...$result);
    }

    public function restore()
    {
        $result = $this->mainTableOfCategory->restoreAPI($this->request->param('ids'));

        return $this->json(...$result);
    }

    public function i18nRead(int $id)
    {
        $result = $this->mainTableOfCategory->i18nReadAPI($id);

        return $this->json(...$result);
    }

    public function i18nUpdate(int $id)
    {
        $result = $this->mainTableOfCategory->i18nUpdateAPI($id, $this->request->only(Config::get('lang.allow_lang_list')));

        return $this->json(...$result);
    }

    public function revisionHome(int $id)
    {
        $result = $this->app->revision->listAPI($this->mainTableOfCategory->getTableName(), $id, (int)$this->request->param('page') ?: 1);

        return $this->json($result);
    }

    public function revisionRestore(int $id)
    {
        $result = $this->app->revision->restoreAPI(
            $this->mainTableOfCategory->getTableName(),
            $id,
            (int)$this->request->param('revisionId'),
            $this->mainTableOfCategory->getRevisionTable()
        );

        return $this->json($result);
    }

    public function revisionRead(int $revisionId)
    {
        $result = $this->app->revision->readAPI((int)$revisionId);

        return $this->json($result);
    }
}
