<?php

declare(strict_types=1);

namespace app\api\controller;

use think\facade\Config;
use app\api\service\UnitTest as UnitTestService;

class UnitTest extends Common
{
    protected $unitTest;

    public function initialize()
    {
        $this->unitTest = new UnitTestService();
        parent::initialize();
    }

    public function home()
    {
        $result = $this->unitTest->paginatedListAPI($this->request->only($this->unitTest->getAllowHome()));

        return $this->json(...$result);
    }

    public function add()
    {
        $result = $this->unitTest->addAPI();

        return $this->json(...$result);
    }

    public function save()
    {
        $result = $this->unitTest->saveAPI($this->request->only($this->unitTest->getAllowSave()));

        return $this->json(...$result);
    }

    public function read(int $id)
    {
        $result = $this->unitTest->readAPI($id);

        return $this->json(...$result);
    }

    public function update(int $id)
    {
        $result = $this->unitTest->updateAPI($id, $this->request->only($this->unitTest->getAllowUpdate()));

        return $this->json(...$result);
    }

    public function delete()
    {
        $result = $this->unitTest->deleteAPI($this->request->param('ids'), $this->request->param('type'));

        return $this->json(...$result);
    }
    
    public function restore()
    {
        $result = $this->unitTest->restoreAPI($this->request->param('ids'));
        
        return $this->json(...$result);
    }

    public function i18n(int $id)
    {
        $result = $this->unitTest->i18nAPI($id);

        return $this->json(...$result);
    }

    public function i18nUpdate(int $id)
    {
        $result = $this->unitTest->i18nUpdateAPI($id, $this->request->only(Config::get('lang.allow_lang_list')));

        return $this->json(...$result);
    }
}
